# check 02_web_health — 2026-08-02T10:05:14Z
exit_status=canary_port=17670
prod_port=4097
health_url=http://127.0.0.1:17670/health
version_body={"version":"0.7.0"}
unit_name=omnigent-canary
run_id=D8-20260802T100513Z
PASS
canary_port=17670
prod_port=4097
health_url=http://127.0.0.1:17670/health
version_body={"version":"0.7.0"}
unit_name=omnigent-canary
run_id=D8-20260802T100513Z
PASS
parsed_status=FAIL
duration=1
--- evidence ---
canary_port=17670
prod_port=4097
health_url=http://127.0.0.1:17670/health
version_body={"version":"0.7.0"}
unit_name=omnigent-canary
run_id=D8-20260802T100513Z
PASS
