# check 04_pi_repo_edit — 2026-08-02T09:50:04Z
exit_status=Preparing worktree (new branch 'polly/canary-4-pi-D1-20260802T095003Z')
curl: (22) The requested URL returned error: 422
Traceback (most recent call last):
  File "<string>", line 1, in <module>
  File "/usr/lib/python3.11/json/__init__.py", line 293, in load
    return loads(fp.read(),
           ^^^^^^^^^^^^^^^^
  File "/usr/lib/python3.11/json/__init__.py", line 346, in loads
    return _default_decoder.decode(s)
           ^^^^^^^^^^^^^^^^^^^^^^^^^^
  File "/usr/lib/python3.11/json/decoder.py", line 337, in decode
    obj, end = self.raw_decode(s, idx=_w(s, 0).end())
               ^^^^^^^^^^^^^^^^^^^^^^^^^^^^^^^^^^^^^^
  File "/usr/lib/python3.11/json/decoder.py", line 355, in raw_decode
    raise JSONDecodeError("Expecting value", s, err.value) from None
json.decoder.JSONDecodeError: Expecting value: line 1 column 1 (char 0)
/home/hermes/workspace/repos/omnigent-eval-rebuild-upstream-0.7/deploy/rebuild/tests/checks/04_pi_repo_edit.sh: 91: SECONDS: parameter not set
Preparing worktree (new branch 'polly/canary-4-pi-D1-20260802T095003Z')
curl: (22) The requested URL returned error: 422
Traceback (most recent call last):
  File "<string>", line 1, in <module>
  File "/usr/lib/python3.11/json/__init__.py", line 293, in load
    return loads(fp.read(),
           ^^^^^^^^^^^^^^^^
  File "/usr/lib/python3.11/json/__init__.py", line 346, in loads
    return _default_decoder.decode(s)
           ^^^^^^^^^^^^^^^^^^^^^^^^^^
  File "/usr/lib/python3.11/json/decoder.py", line 337, in decode
    obj, end = self.raw_decode(s, idx=_w(s, 0).end())
               ^^^^^^^^^^^^^^^^^^^^^^^^^^^^^^^^^^^^^^
  File "/usr/lib/python3.11/json/decoder.py", line 355, in raw_decode
    raise JSONDecodeError("Expecting value", s, err.value) from None
json.decoder.JSONDecodeError: Expecting value: line 1 column 1 (char 0)
/home/hermes/workspace/repos/omnigent-eval-rebuild-upstream-0.7/deploy/rebuild/tests/checks/04_pi_repo_edit.sh: 91: SECONDS: parameter not set
parsed_status=FAIL
duration=0
--- evidence ---
Preparing worktree (new branch 'polly/canary-4-pi-D1-20260802T095003Z')
curl: (22) The requested URL returned error: 422
Traceback (most recent call last):
  File "<string>", line 1, in <module>
  File "/usr/lib/python3.11/json/__init__.py", line 293, in load
    return loads(fp.read(),
           ^^^^^^^^^^^^^^^^
  File "/usr/lib/python3.11/json/__init__.py", line 346, in loads
    return _default_decoder.decode(s)
           ^^^^^^^^^^^^^^^^^^^^^^^^^^
  File "/usr/lib/python3.11/json/decoder.py", line 337, in decode
    obj, end = self.raw_decode(s, idx=_w(s, 0).end())
               ^^^^^^^^^^^^^^^^^^^^^^^^^^^^^^^^^^^^^^
  File "/usr/lib/python3.11/json/decoder.py", line 355, in raw_decode
    raise JSONDecodeError("Expecting value", s, err.value) from None
json.decoder.JSONDecodeError: Expecting value: line 1 column 1 (char 0)
/home/hermes/workspace/repos/omnigent-eval-rebuild-upstream-0.7/deploy/rebuild/tests/checks/04_pi_repo_edit.sh: 91: SECONDS: parameter not set
