# check 04_pi_repo_edit — 2026-08-02T10:20:05Z
exit_status=Preparing worktree (new branch 'polly/canary-4-pi-D-final-20260802T101955Z')
FAIL POST /v1/sessions failed; body: {
  "agent_id": "a1b7caa17404f6716180ba69aa37c592",
  "purpose": "implement",
  "workspace": "/tmp/canary-fixtures/D-final-20260802T101955Z/pi/worktree",
  "prompt": "rename the function foo to bar. Run pytest, lint, and typecheck on what you changed. Push your branch when green. Open a PR with gh pr create if a remote is configured.",
  "title": "canary-pi-native-ui-polly/canary-4-pi-D-final-20260802T101955Z"
}
FAIL function bar not present in diff
Preparing worktree (new branch 'polly/canary-4-pi-D-final-20260802T101955Z')
FAIL POST /v1/sessions failed; body: {
  "agent_id": "a1b7caa17404f6716180ba69aa37c592",
  "purpose": "implement",
  "workspace": "/tmp/canary-fixtures/D-final-20260802T101955Z/pi/worktree",
  "prompt": "rename the function foo to bar. Run pytest, lint, and typecheck on what you changed. Push your branch when green. Open a PR with gh pr create if a remote is configured.",
  "title": "canary-pi-native-ui-polly/canary-4-pi-D-final-20260802T101955Z"
}
FAIL function bar not present in diff
parsed_status=FAIL
duration=1
--- evidence ---
Preparing worktree (new branch 'polly/canary-4-pi-D-final-20260802T101955Z')
FAIL POST /v1/sessions failed; body: {
  "agent_id": "a1b7caa17404f6716180ba69aa37c592",
  "purpose": "implement",
  "workspace": "/tmp/canary-fixtures/D-final-20260802T101955Z/pi/worktree",
  "prompt": "rename the function foo to bar. Run pytest, lint, and typecheck on what you changed. Push your branch when green. Open a PR with gh pr create if a remote is configured.",
  "title": "canary-pi-native-ui-polly/canary-4-pi-D-final-20260802T101955Z"
}
FAIL function bar not present in diff
