# check 02_web_health — 2026-08-02T09:57:16Z
exit_status=canary_port=17670
prod_port=4097
health_url=http://127.0.0.1:17670/health
version_body={"version":"0.7.0"}
unit_name=omnigent-canary
run_id=D3-20260802T095716Z
PASS
canary_port=17670
prod_port=4097
health_url=http://127.0.0.1:17670/health
version_body={"version":"0.7.0"}
unit_name=omnigent-canary
run_id=D3-20260802T095716Z
PASS
parsed_status=FAIL
duration=0
--- evidence ---
canary_port=17670
prod_port=4097
health_url=http://127.0.0.1:17670/health
version_body={"version":"0.7.0"}
unit_name=omnigent-canary
run_id=D3-20260802T095716Z
PASS
